
Text of SQL statement
----------------------------------------------------------------
SELECT I.CODIGO_DO_ITEM,I.CODIGO_DA_FILIAL,E.CODIGO_DO_DISTRIBUI
DOR_DIMED   FROM ITENS_DA_FILIAL I,ENTIDADES_COMERCIAIS E  WHERE
 CODIGO_DA_SITUACAO_DO_ITEM = 'T'  AND E.CODIGO_DO_DISTRIBUIDOR_
DIMED + 0  = :b1  AND E.CODIGO_DA_ENTIDADE_COMERCIAL = I.CODIGO_
DA_FILIAL  AND EXISTS  (SELECT 1   FROM ITENS_DA_FILIAL  WHERE C
ODIGO_DA_FILIAL = E.CODIGO_DO_DISTRIBUIDOR_DIMED  AND CODIGO_DO_
ITEM = I.CODIGO_DO_ITEM  AND CODIGO_DA_SITUACAO_DO_ITEM != 'T' )
  AND NOT EXISTS  (SELECT 1   FROM POSICOES_DE_ESTOQUE  WHERE CO
DIGO_DA_ENTIDADE_COMERCIAL = E.CODIGO_DO_DISTRIBUIDOR_DIMED  AND
 CODIGO_DO_ITEM = I.CODIGO_DO_ITEM  AND CODIGO_DO_TIPO_DE_ESTOQU
E = 1  AND COD_TIPO_DE_COMPROMETIMENTO = 1  AND CODIGO_DO_ENDER_
DE_ESTOQUE = 'M01'  AND QUANTIDADE_ARMAZENADA > 0 )   AND CODIGO
_DA_FILIAL NOT IN (SELECT EC.CODIGO_DA_ENTIDADE_COMERCIAL   FROM
 ENTIDADES_COMERCIAIS EC  WHERE EC.CODIGO_DA_EMPRESA_DO_GRUPO =
RETORNA_PARAMETRO('COR','EMPRESA DO GRUPO',:b2)  AND EC.CODIGO_D
A_ATIVIDADE_ECONOMICA = RETORNA_PARAMETRO('COR','COMERCIO ATACAD
ISTA',:b2)  AND FNC_COR_RET_PARAM_FIL_ATACADO(EC.CODIGO_DA_ENTID
ADE_COMERCIAL,'FILIAL_ATACADO') = 'S' )
CSTATS$PLAN_TABLE DOES NOT EXIST -- PLEASE RUN SCRIPT "top_stmt4_9i.sql" TO CREATE IT
			insert into cstats$plan_table
			            *
ERRO na linha 34:
ORA-06550: line 34, column 16:
PL/SQL: ORA-00942: table or view does not exist
ORA-06550: line 34, column 4:
PL/SQL: SQL Statement ignored
ORA-06550: line 120, column 9:
PL/SQL: ORA-00942: table or view does not exist
ORA-06550: line 119, column 4:
PL/SQL: SQL Statement ignored


